// Jest Snapshot v1, https://goo.gl/fbAQLP

exports[`renders 1`] = `
<DocumentFragment>
  <p
    class="api-result"
  >
    API returned Person ID: 0 and Name: Initial User Name.
  </p>
</DocumentFragment>
`;
